main.c:80:6:setTimer0	16	static
main.c:84:6:setTimer1	16	static
main.c:88:6:setTimer2	16	static
main.c:92:6:setTimer3	16	static
main.c:96:6:timer_run	4	static
main.c:115:6:setCol	16	static
main.c:126:6:updateLEDMatrix	16	static
main.c:175:6:updateClockBuffer	4	static
main.c:182:6:update7SEG	16	static
main.c:217:6:display7SEG	16	static
main.c:265:5:main	8	static
main.c:352:6:SystemClock_Config	72	static
main.c:388:13:MX_TIM2_Init	32	static
main.c:433:13:MX_GPIO_Init	32	static
main.c:483:6:HAL_TIM_PeriodElapsedCallback	16	static
main.c:492:6:Error_Handler	4	static,ignoring_inline_asm
